// Jest Snapshot v1, https://goo.gl/fbAQLP

exports[`<App /> should render and match the snapshot 1`] = `
<div>
  <HelmetWrapper
    defaultTitle="CodeMonk"
    defer={true}
    encodeSpecialCharacters={true}
    titleTemplate="%s - CodeMonk"
  >
    <meta
      content="CodeMonk"
      name="description"
    />
  </HelmetWrapper>
  <ToastContainer
    autoClose={3000}
    className="Toast"
    closeButton={[Function]}
    closeOnClick={true}
    draggable={false}
    draggablePercent={80}
    hideProgressBar={true}
    newestOnTop={false}
    pauseOnFocusLoss={true}
    pauseOnHover={false}
    position="top-center"
    role="alert"
    rtl={false}
    transition={[Function]}
    type="default"
  />
  <Switch>
    <Route
      component={[Function]}
      path="/feature-job-widget"
    />
    <Route
      component={[Function]}
      path="/feature-developers-widget"
    />
    <SignInLayoutV2
      component={[Function]}
      exact={true}
      path="/"
    />
    <SignInLayoutV2
      component={[Function]}
      path="/signup"
    />
    <SignInLayoutV2
      component={[Function]}
      path="/login"
    />
    <SignInLayoutV2
      component={[Function]}
      path="/forgot-password"
    />
    <SignInLayoutV2
      component={[Function]}
      path="/verifyemail"
    />
    <AuthLayout
      component={[Function]}
      path="/user/profile-view/:talentID"
      redirectToPage={true}
    />
    <SignInLayoutV2
      component={[Function]}
      path="/talent/login"
    />
    <SignInLayoutV2
      component={[Function]}
      path="/talent/signup/:talentToken"
    />
    <SignInLayoutV2
      component={[Function]}
      path="/talent/signup"
    />
    <SignInLayoutV2
      component={[Function]}
      path="/talent/verifyemail"
    />
    <SignInLayoutV2
      component={[Function]}
      path="/talent/forgot-password"
    />
    <SignInLayoutV2
      component={[Function]}
      path="/talent/password-reset-success"
    />
    <SignInLayoutV2
      component={[Function]}
      path="/talent/verification"
    />
    <SignInLayoutV2
      component={[Function]}
      path="/talent/verification-mail/:emailID"
    />
    <SignInLayoutV2
      component={[Function]}
      path="/talent/reset-password/:resetToken"
    />
    <SignInLayoutV2
      component={[Function]}
      path="/talent/referral/:userId"
    />
    <AuthLayout
      component={[Function]}
      path="/talent/registration-type"
    />
    <AuthLayout
      component={[Function]}
      path="/talent/create-profile"
    />
    <AuthLayout
      component={[Function]}
      path="/talent/upload-cv"
    />
    <AuthLayout
      component={[Function]}
      path="/talent/about-you"
    />
    <AuthLayout
      component={[Function]}
      path="/talent/projects"
    />
    <AuthLayout
      component={[Function]}
      path="/talent/preferences"
    />
    <AuthLayout
      component={[Function]}
      path="/talent/experience"
    />
    <AuthLayout
      component={[Function]}
      path="/talent/qualifications"
    />
    <AuthLayout
      component={[Function]}
      path="/talent/salary-billing"
    />
    <AuthLayout
      component={[Function]}
      path="/talent/document-upload"
    />
    <PrivateLayout
      component={[Function]}
      path="/talent/my-profile"
    />
    <PrivateLayout
      component={[Function]}
      exact={true}
      path="/talent"
    />
    <PrivateLayout
      component={[Function]}
      path="/talent/dashboard"
    />
    <PrivateLayout
      component={[Function]}
      path="/talent/account-settings"
    />
    <PrivateLayout
      component={[Function]}
      path="/talent/timesheets"
    />
    <PrivateLayout
      component={[Function]}
      path="/talent/job-briefs"
    />
    <PrivateLayout
      component={[Function]}
      path="/talent/brief-detail/:briefID"
    />
    <PrivateLayout
      component={[Function]}
      path="/talent/knowledge-base"
    />
    <PrivateLayout
      component={[Function]}
      path="/talent/community"
    />
    <PrivateLayout
      component={[Function]}
      path="/talent/career-paths"
    />
    <PrivateLayout
      component={[Function]}
      path="/talent/learning-development"
    />
    <PrivateLayout
      component={[Function]}
      path="/talent/perks"
    />
    <PrivateLayout
      component={[Function]}
      path="/talent/wellbeing"
    />
    <PrivateLayout
      component={[Function]}
      path="/talent/invoices"
    />
    <PrivateLayout
      component={[Function]}
      path="/talent/my-projects"
    />
    <PrivateLayout
      component={[Function]}
      path="/talent/project-detail/:projectID"
    />
    <SignInLayout
      component={[Function]}
      path="/agency/login"
    />
    <SignInLayout
      component={[Function]}
      path="/agency/signup/:talentToken"
    />
    <SignInLayout
      component={[Function]}
      path="/agency/signup"
    />
    <SignInLayout
      component={[Function]}
      path="/agency/verifyemail"
    />
    <SignInLayout
      component={[Function]}
      path="/agency/forgot-password"
    />
    <SignInLayout
      component={[Function]}
      path="/agency/password-reset-success"
    />
    <SignInLayout
      component={[Function]}
      path="/agency/verification"
    />
    <SignInLayout
      component={[Function]}
      path="/agency/verification-mail/:emailID"
    />
    <SignInLayout
      component={[Function]}
      path="/agency/reset-password/:resetToken"
    />
    <SignInLayout
      component={[Function]}
      path="/agency/referral/:userId"
    />
    <AuthLayout
      component={[Function]}
      path="/agency/registration-type"
    />
    <AuthLayout
      component={[Function]}
      path="/agency/create-profile"
    />
    <AuthLayout
      component={[Function]}
      path="/agency/add-talents"
    />
    <AuthLayout
      component={[Function]}
      path="/agency/agency-certificate"
    />
    <AuthLayout
      component={[Function]}
      path="/agency/payout-details"
    />
    <AuthLayout
      component={[Function]}
      path="/agency/add-directors-shareholders"
    />
    <AuthLayout
      component={[Function]}
      path="/agency/documents"
    />
    <PrivateLayout
      component={[Function]}
      exact={true}
      path="/agency"
    />
    <PrivateLayout
      component={[Function]}
      path="/agency/dashboard"
    />
    <PrivateLayout
      component={[Function]}
      path="/agency/agency-profile"
    />
    <PrivateLayout
      component={[Function]}
      path="/agency/agency-account-settings"
    />
    <PrivateLayout
      component={[Function]}
      path="/agency/quotes"
    />
    <PrivateLayout
      component={[Function]}
      path="/agency/quote-detail/:quoteID"
    />
    <PrivateLayout
      component={[Function]}
      path="/agency/agency-projects"
    />
    <PrivateLayout
      component={[Function]}
      path="/agency/agency-project-detail/:projectID"
    />
    <PrivateLayout
      component={[Function]}
      path="/agency/timesheets"
    />
    <PrivateLayout
      component={[Function]}
      path="/agency/invoices"
    />
    <PrivateLayout
      component={[Function]}
      path="/agency/agency-statements"
    />
    <PrivateLayout
      component={[Function]}
      path="/agency/my-team"
    />
    <PrivateLayout
      component={[Function]}
      path="/agency/agency-planning"
    />
    <PrivateLayout
      component={[Function]}
      path="/agency/talent-profile/:talentID"
    />
    <SignInLayoutV2
      component={[Function]}
      path="/client/login"
    />
    <SignInLayoutV2
      component={[Function]}
      path="/client/signup"
    />
    <SignInLayoutV2
      component={[Function]}
      path="/client/verification"
    />
    <SignInLayoutV2
      component={[Function]}
      path="/client/forgot-password"
    />
    <SignInLayoutV2
      component={[Function]}
      path="/client/verifyemail"
    />
    <SignInLayoutV2
      component={[Function]}
      path="/client/reset-password/:resetToken"
    />
    <SignInLayoutV2
      component={[Function]}
      path="/client/password-reset-success"
    />
    <AuthLayout
      component={[Function]}
      path="/client/about-you"
    />
    <AuthLayout
      component={[Function]}
      path="/client/about-company"
    />
    <AuthLayout
      component={[Function]}
      path="/client/company-location"
    />
    <PrivateLayout
      component={[Function]}
      exact={true}
      path="/client"
    />
    <PrivateLayout
      component={[Function]}
      path="/client/dashboard"
    />
    <PrivateLayout
      component={[Function]}
      path="/client/start-project"
    />
    <PrivateLayout
      component={[Function]}
      path="/client/request-received"
    />
    <PrivateLayout
      component={[Function]}
      path="/client/talent-listing"
    />
    <PrivateLayout
      component={[Function]}
      path="/client/my-profile"
    />
    <PrivateLayout
      component={[Function]}
      path="/client/talent-profile/:talentID"
    />
    <PrivateLayout
      component={[Function]}
      path="/client/account-settings"
    />
    <PrivateLayout
      component={[Function]}
      path="/client/job-briefs"
    />
    <PrivateLayout
      component={[Function]}
      path="/client/brief-detail/:briefID"
    />
    <PrivateLayout
      component={[Function]}
      path="/client/projects"
    />
    <PrivateLayout
      component={[Function]}
      path="/client/talents"
    />
    <PrivateLayout
      component={[Function]}
      path="/client/billing"
    />
    <PrivateLayout
      component={[Function]}
      path="/client/contracts"
    />
    <PrivateLayout
      component={[Function]}
      path="/client/payments"
    />
    <PrivateLayout
      component={[Function]}
      path="/client/project-detail/:projectID"
    />
    <PrivateLayout
      component={[Function]}
      path="/client/timesheets"
    />
    <SignInLayoutV2
      component={[Function]}
      path="/admin/login"
    />
    <PrivateLayout
      component={[Function]}
      exact={true}
      path="/admin"
    />
    <PrivateLayout
      component={[Function]}
      path="/admin/dashboard"
    />
    <PrivateLayout
      component={[Function]}
      path="/admin/projects"
    />
    <PrivateLayout
      component={[Function]}
      path="/admin/job-briefs"
    />
    <PrivateLayout
      component={[Function]}
      path="/admin/interviews"
    />
    <PrivateLayout
      component={[Function]}
      path="/admin/quotes"
    />
    <PrivateLayout
      component={[Function]}
      path="/admin/talents"
    />
    <PrivateLayout
      component={[Function]}
      path="/admin/timesheets"
    />
    <PrivateLayout
      component={[Function]}
      path="/admin/clients"
    />
    <PrivateLayout
      component={[Function]}
      path="/admin/agencies"
    />
    <PrivateLayout
      component={[Function]}
      path="/admin/project-detail/:projectID"
    />
    <PrivateLayout
      component={[Function]}
      path="/admin/client-detail/:clientID"
    />
    <PrivateLayout
      component={[Function]}
      path="/admin/agency-detail/:agencyID"
    />
    <PrivateLayout
      component={[Function]}
      path="/admin/interview-detail/:interviewID"
    />
    <PrivateLayout
      component={[Function]}
      path="/admin/talent-profile/:talentID"
    />
    <PrivateLayout
      component={[Function]}
      path="/admin/brief-detail/:briefID"
    />
    <PrivateLayout
      component={[Function]}
      path="/admin/quote-detail/:quoteID"
    />
    <SignInLayout
      component={[Function]}
      path=""
    />
  </Switch>
  <GlobalStyleComponent />
</div>
`;
